../Core/Src/main.c:106:19:Read_ChipID	40	static
../Core/Src/main.c:146:6:MCP23S17_WriteRegister	24	static
../Core/Src/main.c:154:6:MCP23S17_SetLED	24	static
../Core/Src/main.c:196:5:__io_putchar	16	static
../Core/Src/main.c:203:6:MCP23S17_Init	16	static
../Core/Src/main.c:215:6:MCP23S17_Chenillard	24	static
../Core/Src/main.c:231:5:main	40	static
../Core/Src/main.c:308:6:SystemClock_Config	96	static
../Core/Src/main.c:357:6:PeriphCommonClock_Config	144	static
../Core/Src/main.c:383:13:MX_I2C2_Init	8	static
../Core/Src/main.c:431:13:MX_SAI2_Init	8	static
../Core/Src/main.c:480:13:MX_SPI3_Init	8	static
../Core/Src/main.c:520:13:MX_USART2_UART_Init	8	static
../Core/Src/main.c:559:13:MX_DMA_Init	16	static
../Core/Src/main.c:580:13:MX_GPIO_Init	48	static
../Core/Src/main.c:634:6:Error_Handler	4	static,ignoring_inline_asm
