15:44:44 **** Incremental Build of configuration Debug for project Systeme_a_microcontroleur ****
make -j16 all 
arm-none-eabi-gcc "../Core/Src/main.c" -mcpu=cortex-m4 -std=gnu11 -g3 -DDEBUG -DUSE_HAL_DRIVER -DSTM32L476xx -c -I../Core/Inc -I../Drivers/STM32L4xx_HAL_Driver/Inc -I../Drivers/STM32L4xx_HAL_Driver/Inc/Legacy -I../Drivers/CMSIS/Device/ST/STM32L4xx/Include -I../Drivers/CMSIS/Include -O0 -ffunction-sections -fdata-sections -Wall -fstack-usage -fcyclomatic-complexity -MMD -MP -MF"Core/Src/main.d" -MT"Core/Src/main.o" --specs=nano.specs -mfpu=fpv4-sp-d16 -mfloat-abi=hard -mthumb -o "Core/Src/main.o"
../Core/Src/main.c: In function 'main':
../Core/Src/main.c:243:3: warning: implicit declaration of function 'printf' [-Wimplicit-function-declaration]
  243 |   printf("\r\n==== Systeme micro ====\r\n");
      |   ^~~~~~
../Core/Src/main.c:40:1: note: include '<stdio.h>' or provide a declaration of 'printf'
   39 | #include "main.h"
  +++ |+#include <stdio.h>
   40 | 
../Core/Src/main.c:243:3: warning: incompatible implicit declaration of built-in function 'printf' [-Wbuiltin-declaration-mismatch]
  243 |   printf("\r\n==== Systeme micro ====\r\n");
      |   ^~~~~~
../Core/Src/main.c:243:3: note: include '<stdio.h>' or provide a declaration of 'printf'
../Core/Src/main.c:276:5: warning: "/*" within comment [-Wcomment]
  276 |     /* USER CODE END WHILE */
      |      
arm-none-eabi-gcc -o "Systeme_a_microcontroleur.elf" @"objects.list"   -mcpu=cortex-m4 -T"C:\Users\debor\OneDrive\Desktop\ENSEA\ENSEA_24-25\Semestre 10\Systeme_µC\Syst-mes-microcontr-leur\Systeme_a_microcontroleur\STM32L476RGTX_FLASH.ld" --specs=nosys.specs -Wl,-Map="Systeme_a_microcontroleur.map" -Wl,--gc-sections -static --specs=nano.specs -mfpu=fpv4-sp-d16 -mfloat-abi=hard -mthumb -Wl,--start-group -lc -lm -Wl,--end-group
Finished building target: Systeme_a_microcontroleur.elf
 
arm-none-eabi-size  Systeme_a_microcontroleur.elf 
arm-none-eabi-objdump -h -S Systeme_a_microcontroleur.elf  > "Systeme_a_microcontroleur.list"
   text	   data	    bss	    dec	    hex	filename
  17620	    104	   2144	  19868	   4d9c	Systeme_a_microcontroleur.elf
Finished building: default.size.stdout
 
Finished building: Systeme_a_microcontroleur.list
 
15:44:50 **** Incremental Build of configuration Debug for project Systeme_a_microcontroleur ****
make -j16 all 
arm-none-eabi-size  Systeme_a_microcontroleur.elf 
   text	   data	    bss	    dec	    hex	filename
  17620	    104	   2144	  19868	   4d9c	Systeme_a_microcontroleur.elf
Finished building: default.size.stdout
 
16:52:30 **** Incremental Build of configuration Debug for project Systeme_a_microcontroleur ****
make -j16 all 
arm-none-eabi-gcc "../Core/Src/main.c" -mcpu=cortex-m4 -std=gnu11 -g3 -DDEBUG -DUSE_HAL_DRIVER -DSTM32L476xx -c -I../Core/Inc -I../Drivers/STM32L4xx_HAL_Driver/Inc -I../Drivers/STM32L4xx_HAL_Driver/Inc/Legacy -I../Drivers/CMSIS/Device/ST/STM32L4xx/Include -I../Drivers/CMSIS/Include -O0 -ffunction-sections -fdata-sections -Wall -fstack-usage -fcyclomatic-complexity -MMD -MP -MF"Core/Src/main.d" -MT"Core/Src/main.o" --specs=nano.specs -mfpu=fpv4-sp-d16 -mfloat-abi=hard -mthumb -o "Core/Src/main.o"
arm-none-eabi-gcc "../Core/Src/stm32l4xx_hal_msp.c" -mcpu=cortex-m4 -std=gnu11 -g3 -DDEBUG -DUSE_HAL_DRIVER -DSTM32L476xx -c -I../Core/Inc -I../Drivers/STM32L4xx_HAL_Driver/Inc -I../Drivers/STM32L4xx_HAL_Driver/Inc/Legacy -I../Drivers/CMSIS/Device/ST/STM32L4xx/Include -I../Drivers/CMSIS/Include -O0 -ffunction-sections -fdata-sections -Wall -fstack-usage -fcyclomatic-complexity -MMD -MP -MF"Core/Src/stm32l4xx_hal_msp.d" -MT"Core/Src/stm32l4xx_hal_msp.o" --specs=nano.specs -mfpu=fpv4-sp-d16 -mfloat-abi=hard -mthumb -o "Core/Src/stm32l4xx_hal_msp.o"
arm-none-eabi-gcc "../Core/Src/stm32l4xx_it.c" -mcpu=cortex-m4 -std=gnu11 -g3 -DDEBUG -DUSE_HAL_DRIVER -DSTM32L476xx -c -I../Core/Inc -I../Drivers/STM32L4xx_HAL_Driver/Inc -I../Drivers/STM32L4xx_HAL_Driver/Inc/Legacy -I../Drivers/CMSIS/Device/ST/STM32L4xx/Include -I../Drivers/CMSIS/Include -O0 -ffunction-sections -fdata-sections -Wall -fstack-usage -fcyclomatic-complexity -MMD -MP -MF"Core/Src/stm32l4xx_it.d" -MT"Core/Src/stm32l4xx_it.o" --specs=nano.specs -mfpu=fpv4-sp-d16 -mfloat-abi=hard -mthumb -o "Core/Src/stm32l4xx_it.o"
../Core/Src/main.c: In function 'main':
../Core/Src/main.c:161:3: warning: implicit declaration of function 'printf' [-Wimplicit-function-declaration]
  161 |   printf("\r\n==== Systeme micro ====\r\n");
      |   ^~~~~~
../Core/Src/main.c:38:1: note: include '<stdio.h>' or provide a declaration of 'printf'
   37 | #include "main.h"
  +++ |+#include <stdio.h>
   38 | 
../Core/Src/main.c:161:3: warning: incompatible implicit declaration of built-in function 'printf' [-Wbuiltin-declaration-mismatch]
  161 |   printf("\r\n==== Systeme micro ====\r\n");
      |   ^~~~~~
../Core/Src/main.c:161:3: note: include '<stdio.h>' or provide a declaration of 'printf'
arm-none-eabi-gcc -o "Systeme_a_microcontroleur.elf" @"objects.list"   -mcpu=cortex-m4 -T"C:\Users\debor\OneDrive\Desktop\ENSEA\ENSEA_24-25\Semestre 10\Systeme_µC\Syst-mes-microcontr-leur\Systeme_a_microcontroleur\STM32L476RGTX_FLASH.ld" --specs=nosys.specs -Wl,-Map="Systeme_a_microcontroleur.map" -Wl,--gc-sections -static --specs=nano.specs -mfpu=fpv4-sp-d16 -mfloat-abi=hard -mthumb -Wl,--start-group -lc -lm -Wl,--end-group
Finished building target: Systeme_a_microcontroleur.elf
 
arm-none-eabi-size  Systeme_a_microcontroleur.elf 
arm-none-eabi-objdump -h -S Systeme_a_microcontroleur.elf  > "Systeme_a_microcontroleur.list"
   text	   data	    bss	    dec	    hex	filename
  17700	    104	   2144	  19948	   4dec	Systeme_a_microcontroleur.elf
Finished building: default.size.stdout
 
Finished building: Systeme_a_microcontroleur.list
 
16:53:27 **** Incremental Build of configuration Debug for project Systeme_a_microcontroleur ****
make -j16 all 
arm-none-eabi-size  Systeme_a_microcontroleur.elf 
   text	   data	    bss	    dec	    hex	filename
  17700	    104	   2144	  19948	   4dec	Systeme_a_microcontroleur.elf
Finished building: default.size.stdout
 
