16:08:57 **** Incremental Build of configuration Debug for project Systeme_a_microcontroleur ****
make -j16 all 
arm-none-eabi-gcc "../Core/Src/main.c" -mcpu=cortex-m4 -std=gnu11 -g3 -DDEBUG -DUSE_HAL_DRIVER -DSTM32L476xx -c -I../Core/Inc -I../Drivers/STM32L4xx_HAL_Driver/Inc -I../Drivers/STM32L4xx_HAL_Driver/Inc/Legacy -I../Drivers/CMSIS/Device/ST/STM32L4xx/Include -I../Drivers/CMSIS/Include -O0 -ffunction-sections -fdata-sections -Wall -fstack-usage -fcyclomatic-complexity -MMD -MP -MF"Core/Src/main.d" -MT"Core/Src/main.o" --specs=nano.specs -mfpu=fpv4-sp-d16 -mfloat-abi=hard -mthumb -o "Core/Src/main.o"
arm-none-eabi-gcc -o "Systeme_a_microcontroleur.elf" @"objects.list"   -mcpu=cortex-m4 -T"C:\Users\debor\OneDrive\Desktop\ENSEA\ENSEA_24-25\Semestre 10\Systeme_µC\Syst-mes-microcontr-leur\Systeme_a_microcontroleur\STM32L476RGTX_FLASH.ld" --specs=nosys.specs -Wl,-Map="Systeme_a_microcontroleur.map" -Wl,--gc-sections -static --specs=nano.specs -mfpu=fpv4-sp-d16 -mfloat-abi=hard -mthumb -Wl,--start-group -lc -lm -Wl,--end-group
Finished building target: Systeme_a_microcontroleur.elf
 
arm-none-eabi-size  Systeme_a_microcontroleur.elf 
arm-none-eabi-objdump -h -S Systeme_a_microcontroleur.elf  > "Systeme_a_microcontroleur.list"
   text	   data	    bss	    dec	    hex	filename
  12452	     12	   1708	  14172	   375c	Systeme_a_microcontroleur.elf
Finished building: default.size.stdout
 
Finished building: Systeme_a_microcontroleur.list
 

16:08:58 Build Finished. 0 errors, 0 warnings. (took 877ms)

